#
# There is insufficient memory for the Java Runtime Environment to continue.
# Native memory allocation (malloc) failed to allocate 32744 bytes. Error detail: Chunk::new
# Possible reasons:
#   The system is out of physical RAM or swap space
#   This process is running with CompressedOops enabled, and the Java Heap may be blocking the growth of the native heap
# Possible solutions:
#   Reduce memory load on the system
#   Increase physical memory or swap space
#   Check if swap backing store is full
#   Decrease Java heap size (-Xmx/-Xms)
#   Decrease number of Java threads
#   Decrease Java thread stack sizes (-Xss)
#   Set larger code cache with -XX:ReservedCodeCacheSize=
#   JVM is running with Unscaled Compressed Oops mode in which the Java heap is
#     placed in the first 4GB address space. The Java Heap base address is the
#     maximum limit for the native heap growth. Please use -XX:HeapBaseMinAddress
#     to set the Java Heap base and to place the Java Heap above 4GB virtual address.
# This output file may be truncated or incomplete.
#
#  Out of Memory Error (arena.cpp:168), pid=12644, tid=4236
#
# JRE version: OpenJDK Runtime Environment Temurin-21.0.11+10 (21.0.11+10) (build 21.0.11+10-LTS)
# Java VM: OpenJDK 64-Bit Server VM Temurin-21.0.11+10 (21.0.11+10-LTS, mixed mode, sharing, tiered, compressed oops, compressed class ptrs, parallel gc, windows-amd64)
# No core dump will be written. Minidumps are not enabled by default on client versions of Windows
#

---------------  S U M M A R Y ------------

Command Line: --add-modules=ALL-SYSTEM --add-opens=java.base/java.util=ALL-UNNAMED --add-opens=java.base/java.lang=ALL-UNNAMED --add-opens=java.base/sun.nio.fs=ALL-UNNAMED -Declipse.application=org.eclipse.jdt.ls.core.id1 -Dosgi.bundles.defaultStartLevel=4 -Declipse.product=org.eclipse.jdt.ls.core.product -Djava.import.generatesMetadataFilesAtProjectRoot=false -DDetectVMInstallationsJob.disabled=true -Dfile.encoding=utf8 -XX:+UseParallelGC -XX:GCTimeRatio=4 -XX:AdaptiveSizePolicyWeight=90 -Dsun.zip.disableMemoryMapping=true -Xmx2G -Xms100m -Xlog:disable -javaagent:c:\Users\HP\.vscode\extensions\redhat.java-1.55.0-win32-x64\lombok\lombok-1.18.39-4050.jar -XX:+HeapDumpOnOutOfMemoryError -XX:HeapDumpPath=c:\Users\HP\AppData\Roaming\Code\User\workspaceStorage\604f9d0e1ac388d1d4b1f8b7fa99b648\redhat.java -Daether.dependencyCollector.impl=bf c:\Users\HP\.vscode\extensions\redhat.java-1.55.0-win32-x64\server\plugins\org.eclipse.equinox.launcher_1.7.200.v20260619-2039.jar -configuration c:\Users\HP\AppData\Roaming\Code\User\globalStorage\redhat.java\1.55.0\config_win -data c:\Users\HP\AppData\Roaming\Code\User\workspaceStorage\604f9d0e1ac388d1d4b1f8b7fa99b648\redhat.java\jdt_ws --pipe=\\.\pipe\lsp-4101a059a39a13a1b025bd4859209eff-sock

Host: Intel(R) Core(TM) i5-10210U CPU @ 1.60GHz, 8 cores, 3G,  Windows 11 , 64 bit Build 26100 (10.0.26100.9168)
Time: Wed Aug 26 20:40:16 2026 India Standard Time elapsed time: 197.190299 seconds (0d 0h 3m 17s)

---------------  T H R E A D  ---------------

Current thread (0x00000290cece7400):  JavaThread "C2 CompilerThread0" daemon [_thread_in_native, id=4236, stack(0x000000ec70b00000,0x000000ec70c00000) (1024K)]


Current CompileTask:
C2:197190 3204       4       jdk.internal.org.objectweb.asm.Frame::execute (2305 bytes)

Stack: [0x000000ec70b00000,0x000000ec70c00000]
Native frames: (J=compiled Java code, j=interpreted, Vv=VM code, C=native code)
V  [jvm.dll+0x6d7e19]
V  [jvm.dll+0x8b5096]
V  [jvm.dll+0x8b764e]
V  [jvm.dll+0x8b7d33]
V  [jvm.dll+0x284596]
V  [jvm.dll+0xc685d]
V  [jvm.dll+0xc6da1]
V  [jvm.dll+0x7038bd]
V  [jvm.dll+0x1e421a]
V  [jvm.dll+0x24c853]
V  [jvm.dll+0x24bce0]
V  [jvm.dll+0x1cb4ae]
V  [jvm.dll+0x25baad]
V  [jvm.dll+0x25a03a]
V  [jvm.dll+0x3f868e]
V  [jvm.dll+0x85fb0d]
V  [jvm.dll+0x6d664d]
C  [ucrtbase.dll+0x2cd30]
C  [KERNEL32.DLL+0x2ccb7]
C  [ntdll.dll+0xaad6c]


---------------  P R O C E S S  ---------------

Threads class SMR info:
_java_thread_list=0x00000290eb51bd10, length=18, elements={
0x00000290ced3afb0, 0x00000290cecad650, 0x00000290cecb2af0, 0x00000290cecb5650,
0x00000290cecb7810, 0x00000290cecbb910, 0x00000290cecc2770, 0x00000290cece7400,
0x00000290cecee3a0, 0x00000290eb284fd0, 0x00000290eb34ae40, 0x00000290eba381b0,
0x00000290cc7fe8b0, 0x00000290eb85c5d0, 0x00000290ced426e0, 0x00000290ebade8b0,
0x00000290eb161020, 0x00000290eb541340
}

Java Threads: ( => current thread )
  0x00000290ced3afb0 JavaThread "main"                              [_thread_blocked, id=20880, stack(0x000000ec70100000,0x000000ec70200000) (1024K)]
  0x00000290cecad650 JavaThread "Reference Handler"          daemon [_thread_blocked, id=5560, stack(0x000000ec70500000,0x000000ec70600000) (1024K)]
  0x00000290cecb2af0 JavaThread "Finalizer"                  daemon [_thread_blocked, id=2020, stack(0x000000ec70600000,0x000000ec70700000) (1024K)]
  0x00000290cecb5650 JavaThread "Signal Dispatcher"          daemon [_thread_blocked, id=8604, stack(0x000000ec70700000,0x000000ec70800000) (1024K)]
  0x00000290cecb7810 JavaThread "Attach Listener"            daemon [_thread_blocked, id=2868, stack(0x000000ec70800000,0x000000ec70900000) (1024K)]
  0x00000290cecbb910 JavaThread "Service Thread"             daemon [_thread_blocked, id=4136, stack(0x000000ec70900000,0x000000ec70a00000) (1024K)]
  0x00000290cecc2770 JavaThread "Monitor Deflation Thread"   daemon [_thread_blocked, id=10736, stack(0x000000ec70a00000,0x000000ec70b00000) (1024K)]
=>0x00000290cece7400 JavaThread "C2 CompilerThread0"         daemon [_thread_in_native, id=4236, stack(0x000000ec70b00000,0x000000ec70c00000) (1024K)]
  0x00000290cecee3a0 JavaThread "C1 CompilerThread0"         daemon [_thread_blocked, id=18776, stack(0x000000ec70c00000,0x000000ec70d00000) (1024K)]
  0x00000290eb284fd0 JavaThread "Common-Cleaner"             daemon [_thread_blocked, id=23540, stack(0x000000ec70d00000,0x000000ec70e00000) (1024K)]
  0x00000290eb34ae40 JavaThread "Notification Thread"        daemon [_thread_blocked, id=23200, stack(0x000000ec70e00000,0x000000ec70f00000) (1024K)]
  0x00000290eba381b0 JavaThread "Active Thread: Equinox Container: 40ffbb2e-606a-4921-b1f3-2d1899e68510"        [_thread_blocked, id=12888, stack(0x000000ec71500000,0x000000ec71600000) (1024K)]
  0x00000290cc7fe8b0 JavaThread "Refresh Thread: Equinox Container: 40ffbb2e-606a-4921-b1f3-2d1899e68510" daemon [_thread_blocked, id=4244, stack(0x000000ec6fe00000,0x000000ec6ff00000) (1024K)]
  0x00000290eb85c5d0 JavaThread "Framework Event Dispatcher: Equinox Container: 40ffbb2e-606a-4921-b1f3-2d1899e68510" daemon [_thread_blocked, id=22852, stack(0x000000ec70000000,0x000000ec70100000) (1024K)]
  0x00000290ced426e0 JavaThread "Start Level: Equinox Container: 40ffbb2e-606a-4921-b1f3-2d1899e68510" daemon [_thread_in_vm, id=16032, stack(0x000000ec71700000,0x000000ec71800000) (1024K)]
  0x00000290ebade8b0 JavaThread "Bundle File Closer"         daemon [_thread_blocked, id=11640, stack(0x000000ec71800000,0x000000ec71900000) (1024K)]
  0x00000290eb161020 JavaThread "SCR Component Actor"        daemon [_thread_blocked, id=18072, stack(0x000000ec71900000,0x000000ec71a00000) (1024K)]
  0x00000290eb541340 JavaThread "Worker-JM"                         [_thread_blocked, id=7468, stack(0x000000ec6ff00000,0x000000ec70000000) (1024K)]
Total: 18

Other Threads:
  0x00000290cedfeb80 VMThread "VM Thread"                           [id=12880, stack(0x000000ec70400000,0x000000ec70500000) (1024K)]
  0x00000290cebcbb20 WatcherThread "VM Periodic Task Thread"        [id=19092, stack(0x000000ec70300000,0x000000ec70400000) (1024K)]
  0x00000290ced59450 WorkerThread "GC Thread#0"                     [id=21356, stack(0x000000ec70200000,0x000000ec70300000) (1024K)]
  0x00000290eb92e650 WorkerThread "GC Thread#1"                     [id=21560, stack(0x000000ec70f00000,0x000000ec71000000) (1024K)]
  0x00000290eba10380 WorkerThread "GC Thread#2"                     [id=22608, stack(0x000000ec71000000,0x000000ec71100000) (1024K)]
  0x00000290eba10730 WorkerThread "GC Thread#3"                     [id=23224, stack(0x000000ec71100000,0x000000ec71200000) (1024K)]
  0x00000290eba10ae0 WorkerThread "GC Thread#4"                     [id=19072, stack(0x000000ec71200000,0x000000ec71300000) (1024K)]
  0x00000290eb5fb130 WorkerThread "GC Thread#5"                     [id=12612, stack(0x000000ec71300000,0x000000ec71400000) (1024K)]
  0x00000290eb5fb4e0 WorkerThread "GC Thread#6"                     [id=10304, stack(0x000000ec71400000,0x000000ec71500000) (1024K)]
  0x00000290eba5ff10 WorkerThread "GC Thread#7"                     [id=9684, stack(0x000000ec71600000,0x000000ec71700000) (1024K)]
Total: 10

Threads with active compile tasks:
C2 CompilerThread0  199311 3204       4       jdk.internal.org.objectweb.asm.Frame::execute (2305 bytes)
Total: 1

VM state: not at safepoint (normal execution)

VM Mutex/Monitor currently owned by a thread: None

Heap address: 0x0000000080000000, size: 2048 MB, Compressed Oops mode: 32-bit

CDS archive(s) mapped at: [0x0000029080000000-0x0000029080ba0000-0x0000029080ba0000), size 12189696, SharedBaseAddress: 0x0000029080000000, ArchiveRelocationMode: 1.
Compressed class space mapped at: 0x0000029081000000-0x00000290c1000000, reserved size: 1073741824
Narrow klass base: 0x0000029080000000, Narrow klass shift: 0, Narrow klass range: 0x100000000

GC Precious Log:
 CardTable entry size: 512
 CPUs: 8 total, 8 available
 Memory: 3899M
 Large Page Support: Disabled
 NUMA Support: Disabled
 Compressed Oops: Enabled (32-bit)
 Alignments: Space 512K, Generation 512K, Heap 2M
 Heap Min Capacity: 100M
 Heap Initial Capacity: 100M
 Heap Max Capacity: 2G
 Pre-touch: Disabled
 Parallel Workers: 8

Heap:
 PSYoungGen      total 29696K, used 8131K [0x00000000d5580000, 0x00000000d7680000, 0x0000000100000000)
  eden space 25600K, 15% used [0x00000000d5580000,0x00000000d5975440,0x00000000d6e80000)
  from space 4096K, 99% used [0x00000000d6e80000,0x00000000d727b9a0,0x00000000d7280000)
  to   space 4096K, 0% used [0x00000000d7280000,0x00000000d7280000,0x00000000d7680000)
 ParOldGen       total 68608K, used 7984K [0x0000000080000000, 0x0000000084300000, 0x00000000d5580000)
  object space 68608K, 11% used [0x0000000080000000,0x00000000807cc330,0x0000000084300000)
 Metaspace       used 15852K, committed 16448K, reserved 1114112K
  class space    used 1630K, committed 1856K, reserved 1048576K

Card table byte_map: [0x00000290ce6e0000,0x00000290ceaf0000] _byte_map_base: 0x00000290ce2e0000

Marking Bits: (ParMarkBitMap*) 0x00007ffffff04460
 Begin Bits: [0x00000290e11f0000, 0x00000290e31f0000)
 End Bits:   [0x00000290e31f0000, 0x00000290e51f0000)

Polling page: 0x00000290ccae0000

Metaspace:

Usage:
  Non-class:     13.89 MB used.
      Class:      1.59 MB used.
       Both:     15.48 MB used.

Virtual space:
  Non-class space:       64.00 MB reserved,      14.25 MB ( 22%) committed,  1 nodes.
      Class space:        1.00 GB reserved,       1.81 MB ( <1%) committed,  1 nodes.
             Both:        1.06 GB reserved,      16.06 MB (  1%) committed. 

Chunk freelists:
   Non-Class:  1.61 MB
       Class:  14.00 MB
        Both:  15.62 MB

MaxMetaspaceSize: unlimited
CompressedClassSpaceSize: 1.00 GB
Initial GC threshold: 21.00 MB
Current GC threshold: 21.00 MB
CDS: on
 - commit_granule_bytes: 65536.
 - commit_granule_words: 8192.
 - virtual_space_node_default_size: 8388608.
 - enlarge_chunks_in_place: 1.
 - use_allocation_guard: 0.


Internal statistics:

num_allocs_failed_limit: 0.
num_arena_births: 440.
num_arena_deaths: 0.
num_vsnodes_births: 2.
num_vsnodes_deaths: 0.
num_space_committed: 257.
num_space_uncommitted: 0.
num_chunks_returned_to_freelist: 0.
num_chunks_taken_from_freelist: 982.
num_chunk_merges: 0.
num_chunk_splits: 627.
num_chunks_enlarged: 399.
num_inconsistent_stats: 0.

CodeHeap 'non-profiled nmethods': size=120000Kb used=1369Kb max_used=1369Kb free=118630Kb
 bounds [0x00000290d9a10000, 0x00000290d9c80000, 0x00000290e0f40000]
CodeHeap 'profiled nmethods': size=120000Kb used=6564Kb max_used=6564Kb free=113435Kb
 bounds [0x00000290d1f40000, 0x00000290d25b0000, 0x00000290d9470000]
CodeHeap 'non-nmethods': size=5760Kb used=1263Kb max_used=1276Kb free=4496Kb
 bounds [0x00000290d9470000, 0x00000290d96e0000, 0x00000290d9a10000]
CodeCache: size=245760Kb, used=9196Kb, max_used=9209Kb, free=236561Kb
 total_blobs=3718, nmethods=3183, adapters=441, full_count=0
Compilation: enabled, stopped_count=0, restarted_count=0

Compilation events (20 events):
Event: 190.750 Thread 0x00000290cecee3a0 nmethod 3197 0x00000290d25a4d10 code [0x00000290d25a4ec0, 0x00000290d25a5188]
Event: 193.053 Thread 0x00000290cecee3a0 3198       3       org.eclipse.core.internal.localstore.SafeChunkyInputStream::compare (45 bytes)
Event: 193.054 Thread 0x00000290cecee3a0 nmethod 3198 0x00000290d25a5310 code [0x00000290d25a54c0, 0x00000290d25a5728]
Event: 193.054 Thread 0x00000290cecee3a0 3199       3       org.eclipse.core.internal.localstore.SafeChunkyInputStream::read (71 bytes)
Event: 193.054 Thread 0x00000290cecee3a0 nmethod 3199 0x00000290d25a5890 code [0x00000290d25a5aa0, 0x00000290d25a5f20]
Event: 193.090 Thread 0x00000290cecee3a0 3200       3       java.util.ArrayDeque::contains (80 bytes)
Event: 193.090 Thread 0x00000290cecee3a0 nmethod 3200 0x00000290d25a6090 code [0x00000290d25a6280, 0x00000290d25a66f0]
Event: 193.105 Thread 0x00000290cecee3a0 3201       3       java.lang.invoke.LambdaFormEditor$TransformKey::of (51 bytes)
Event: 193.106 Thread 0x00000290cecee3a0 nmethod 3201 0x00000290d25a6890 code [0x00000290d25a6a80, 0x00000290d25a6f30]
Event: 193.110 Thread 0x00000290cece7400 3204       4       jdk.internal.org.objectweb.asm.Frame::execute (2305 bytes)
Event: 194.123 Thread 0x00000290cecee3a0 3208       3       java.io.FilterInputStream::read (8 bytes)
Event: 194.124 Thread 0x00000290cecee3a0 nmethod 3208 0x00000290d25a7110 code [0x00000290d25a72c0, 0x00000290d25a7498]
Event: 194.124 Thread 0x00000290cecee3a0 3209       3       org.eclipse.core.internal.dtree.DataTreeReader::readNumber (35 bytes)
Event: 194.125 Thread 0x00000290cecee3a0 nmethod 3209 0x00000290d25a7590 code [0x00000290d25a7760, 0x00000290d25a7a40]
Event: 194.125 Thread 0x00000290cecee3a0 3210       3       org.eclipse.core.runtime.Assert::isNotNull (7 bytes)
Event: 194.125 Thread 0x00000290cecee3a0 nmethod 3210 0x00000290d25a7b90 code [0x00000290d25a7d60, 0x00000290d25a8030]
Event: 194.125 Thread 0x00000290cecee3a0 3211       3       org.eclipse.core.runtime.Assert::isNotNull (19 bytes)
Event: 194.126 Thread 0x00000290cecee3a0 nmethod 3211 0x00000290d25a8190 code [0x00000290d25a8360, 0x00000290d25a85c8]
Event: 194.126 Thread 0x00000290cecee3a0 3212       3       org.eclipse.core.runtime.Path::equals (127 bytes)
Event: 194.127 Thread 0x00000290cecee3a0 nmethod 3212 0x00000290d25a8710 code [0x00000290d25a8940, 0x00000290d25a90b8]

GC Heap History (10 events):
Event: 3.372 GC heap before
{Heap before GC invocations=1 (full 0):
 PSYoungGen      total 29696K, used 25600K [0x00000000d5580000, 0x00000000d7680000, 0x0000000100000000)
  eden space 25600K, 100% used [0x00000000d5580000,0x00000000d6e80000,0x00000000d6e80000)
  from space 4096K, 0% used [0x00000000d7280000,0x00000000d7280000,0x00000000d7680000)
  to   space 4096K, 0% used [0x00000000d6e80000,0x00000000d6e80000,0x00000000d7280000)
 ParOldGen       total 68608K, used 0K [0x0000000080000000, 0x0000000084300000, 0x00000000d5580000)
  object space 68608K, 0% used [0x0000000080000000,0x0000000080000000,0x0000000084300000)
 Metaspace       used 4387K, committed 4608K, reserved 1114112K
  class space    used 476K, committed 576K, reserved 1048576K
}
Event: 3.386 GC heap after
{Heap after GC invocations=1 (full 0):
 PSYoungGen      total 29696K, used 3296K [0x00000000d5580000, 0x00000000d7680000, 0x0000000100000000)
  eden space 25600K, 0% used [0x00000000d5580000,0x00000000d5580000,0x00000000d6e80000)
  from space 4096K, 80% used [0x00000000d6e80000,0x00000000d71b8158,0x00000000d7280000)
  to   space 4096K, 0% used [0x00000000d7280000,0x00000000d7280000,0x00000000d7680000)
 ParOldGen       total 68608K, used 16K [0x0000000080000000, 0x0000000084300000, 0x00000000d5580000)
  object space 68608K, 0% used [0x0000000080000000,0x0000000080004000,0x0000000084300000)
 Metaspace       used 4387K, committed 4608K, reserved 1114112K
  class space    used 476K, committed 576K, reserved 1048576K
}
Event: 16.607 GC heap before
{Heap before GC invocations=2 (full 0):
 PSYoungGen      total 29696K, used 28896K [0x00000000d5580000, 0x00000000d7680000, 0x0000000100000000)
  eden space 25600K, 100% used [0x00000000d5580000,0x00000000d6e80000,0x00000000d6e80000)
  from space 4096K, 80% used [0x00000000d6e80000,0x00000000d71b8158,0x00000000d7280000)
  to   space 4096K, 0% used [0x00000000d7280000,0x00000000d7280000,0x00000000d7680000)
 ParOldGen       total 68608K, used 16K [0x0000000080000000, 0x0000000084300000, 0x00000000d5580000)
  object space 68608K, 0% used [0x0000000080000000,0x0000000080004000,0x0000000084300000)
 Metaspace       used 8009K, committed 8256K, reserved 1114112K
  class space    used 833K, committed 960K, reserved 1048576K
}
Event: 17.660 GC heap after
{Heap after GC invocations=2 (full 0):
 PSYoungGen      total 29696K, used 4070K [0x00000000d5580000, 0x00000000d7680000, 0x0000000100000000)
  eden space 25600K, 0% used [0x00000000d5580000,0x00000000d5580000,0x00000000d6e80000)
  from space 4096K, 99% used [0x00000000d7280000,0x00000000d7679800,0x00000000d7680000)
  to   space 4096K, 0% used [0x00000000d6e80000,0x00000000d6e80000,0x00000000d7280000)
 ParOldGen       total 68608K, used 1980K [0x0000000080000000, 0x0000000084300000, 0x00000000d5580000)
  object space 68608K, 2% used [0x0000000080000000,0x00000000801ef3d8,0x0000000084300000)
 Metaspace       used 8009K, committed 8256K, reserved 1114112K
  class space    used 833K, committed 960K, reserved 1048576K
}
Event: 83.335 GC heap before
{Heap before GC invocations=3 (full 0):
 PSYoungGen      total 29696K, used 29670K [0x00000000d5580000, 0x00000000d7680000, 0x0000000100000000)
  eden space 25600K, 100% used [0x00000000d5580000,0x00000000d6e80000,0x00000000d6e80000)
  from space 4096K, 99% used [0x00000000d7280000,0x00000000d7679800,0x00000000d7680000)
  to   space 4096K, 0% used [0x00000000d6e80000,0x00000000d6e80000,0x00000000d7280000)
 ParOldGen       total 68608K, used 1980K [0x0000000080000000, 0x0000000084300000, 0x00000000d5580000)
  object space 68608K, 2% used [0x0000000080000000,0x00000000801ef3d8,0x0000000084300000)
 Metaspace       used 9484K, committed 9856K, reserved 1114112K
  class space    used 1012K, committed 1152K, reserved 1048576K
}
Event: 83.426 GC heap after
{Heap after GC invocations=3 (full 0):
 PSYoungGen      total 29696K, used 4090K [0x00000000d5580000, 0x00000000d7680000, 0x0000000100000000)
  eden space 25600K, 0% used [0x00000000d5580000,0x00000000d5580000,0x00000000d6e80000)
  from space 4096K, 99% used [0x00000000d6e80000,0x00000000d727e998,0x00000000d7280000)
  to   space 4096K, 0% used [0x00000000d7280000,0x00000000d7280000,0x00000000d7680000)
 ParOldGen       total 68608K, used 4660K [0x0000000080000000, 0x0000000084300000, 0x00000000d5580000)
  object space 68608K, 6% used [0x0000000080000000,0x000000008048d300,0x0000000084300000)
 Metaspace       used 9484K, committed 9856K, reserved 1114112K
  class space    used 1012K, committed 1152K, reserved 1048576K
}
Event: 93.747 GC heap before
{Heap before GC invocations=4 (full 0):
 PSYoungGen      total 29696K, used 29690K [0x00000000d5580000, 0x00000000d7680000, 0x0000000100000000)
  eden space 25600K, 100% used [0x00000000d5580000,0x00000000d6e80000,0x00000000d6e80000)
  from space 4096K, 99% used [0x00000000d6e80000,0x00000000d727e998,0x00000000d7280000)
  to   space 4096K, 0% used [0x00000000d7280000,0x00000000d7280000,0x00000000d7680000)
 ParOldGen       total 68608K, used 4660K [0x0000000080000000, 0x0000000084300000, 0x00000000d5580000)
  object space 68608K, 6% used [0x0000000080000000,0x000000008048d300,0x0000000084300000)
 Metaspace       used 11672K, committed 12096K, reserved 1114112K
  class space    used 1231K, committed 1408K, reserved 1048576K
}
Event: 93.824 GC heap after
{Heap after GC invocations=4 (full 0):
 PSYoungGen      total 29696K, used 4077K [0x00000000d5580000, 0x00000000d7680000, 0x0000000100000000)
  eden space 25600K, 0% used [0x00000000d5580000,0x00000000d5580000,0x00000000d6e80000)
  from space 4096K, 99% used [0x00000000d7280000,0x00000000d767b698,0x00000000d7680000)
  to   space 4096K, 0% used [0x00000000d6e80000,0x00000000d6e80000,0x00000000d7280000)
 ParOldGen       total 68608K, used 6556K [0x0000000080000000, 0x0000000084300000, 0x00000000d5580000)
  object space 68608K, 9% used [0x0000000080000000,0x00000000806673e0,0x0000000084300000)
 Metaspace       used 11672K, committed 12096K, reserved 1114112K
  class space    used 1231K, committed 1408K, reserved 1048576K
}
Event: 186.333 GC heap before
{Heap before GC invocations=5 (full 0):
 PSYoungGen      total 29696K, used 29677K [0x00000000d5580000, 0x00000000d7680000, 0x0000000100000000)
  eden space 25600K, 100% used [0x00000000d5580000,0x00000000d6e80000,0x00000000d6e80000)
  from space 4096K, 99% used [0x00000000d7280000,0x00000000d767b698,0x00000000d7680000)
  to   space 4096K, 0% used [0x00000000d6e80000,0x00000000d6e80000,0x00000000d7280000)
 ParOldGen       total 68608K, used 6556K [0x0000000080000000, 0x0000000084300000, 0x00000000d5580000)
  object space 68608K, 9% used [0x0000000080000000,0x00000000806673e0,0x0000000084300000)
 Metaspace       used 15233K, committed 15872K, reserved 1114112K
  class space    used 1568K, committed 1856K, reserved 1048576K
}
Event: 188.558 GC heap after
{Heap after GC invocations=5 (full 0):
 PSYoungGen      total 29696K, used 4078K [0x00000000d5580000, 0x00000000d7680000, 0x0000000100000000)
  eden space 25600K, 0% used [0x00000000d5580000,0x00000000d5580000,0x00000000d6e80000)
  from space 4096K, 99% used [0x00000000d6e80000,0x00000000d727b9a0,0x00000000d7280000)
  to   space 4096K, 0% used [0x00000000d7280000,0x00000000d7280000,0x00000000d7680000)
 ParOldGen       total 68608K, used 7984K [0x0000000080000000, 0x0000000084300000, 0x00000000d5580000)
  object space 68608K, 11% used [0x0000000080000000,0x00000000807cc330,0x0000000084300000)
 Metaspace       used 15233K, committed 15872K, reserved 1114112K
  class space    used 1568K, committed 1856K, reserved 1048576K
}

Dll operation events (9 events):
Event: 0.082 Loaded shared library c:\Users\HP\.vscode\extensions\redhat.java-1.55.0-win32-x64\jre\21.0.11-win32-x86_64\bin\java.dll
Event: 0.205 Loaded shared library c:\Users\HP\.vscode\extensions\redhat.java-1.55.0-win32-x64\jre\21.0.11-win32-x86_64\bin\zip.dll
Event: 0.250 Loaded shared library C:\Users\HP\.vscode\extensions\redhat.java-1.55.0-win32-x64\jre\21.0.11-win32-x86_64\bin\instrument.dll
Event: 0.265 Loaded shared library C:\Users\HP\.vscode\extensions\redhat.java-1.55.0-win32-x64\jre\21.0.11-win32-x86_64\bin\net.dll
Event: 0.296 Loaded shared library C:\Users\HP\.vscode\extensions\redhat.java-1.55.0-win32-x64\jre\21.0.11-win32-x86_64\bin\nio.dll
Event: 0.308 Loaded shared library C:\Users\HP\.vscode\extensions\redhat.java-1.55.0-win32-x64\jre\21.0.11-win32-x86_64\bin\zip.dll
Event: 0.366 Loaded shared library C:\Users\HP\.vscode\extensions\redhat.java-1.55.0-win32-x64\jre\21.0.11-win32-x86_64\bin\jimage.dll
Event: 0.640 Loaded shared library c:\Users\HP\.vscode\extensions\redhat.java-1.55.0-win32-x64\jre\21.0.11-win32-x86_64\bin\verify.dll
Event: 71.418 Loaded shared library C:\Users\HP\AppData\Roaming\Code\User\globalStorage\redhat.java\1.55.0\config_win\org.eclipse.equinox.launcher\org.eclipse.equinox.launcher.win32.win32.x86_64_1.3.100.v20260613-0559\eclipse_11924.dll

Deoptimization events (20 events):
Event: 184.019 Thread 0x00000290ced426e0 DEOPT PACKING pc=0x00000290d207e839 sp=0x000000ec717fca70
Event: 184.019 Thread 0x00000290ced426e0 DEOPT UNPACKING pc=0x00000290d94c4242 sp=0x000000ec717fbf70 mode 0
Event: 185.854 Thread 0x00000290ced426e0 DEOPT PACKING pc=0x00000290d233ee35 sp=0x000000ec717f7860
Event: 185.854 Thread 0x00000290ced426e0 DEOPT UNPACKING pc=0x00000290d94c4242 sp=0x000000ec717f6d70 mode 0
Event: 186.066 Thread 0x00000290ced426e0 Uncommon trap: trap_request=0xffffff45 fr.pc=0x00000290d9b3f614 relative=0x0000000000000414
Event: 186.066 Thread 0x00000290ced426e0 Uncommon trap: reason=unstable_if action=reinterpret pc=0x00000290d9b3f614 method=java.util.regex.Pattern$BmpCharPropertyGreedy.match(Ljava/util/regex/Matcher;ILjava/lang/CharSequence;)Z @ 73 c2
Event: 186.066 Thread 0x00000290ced426e0 DEOPT PACKING pc=0x00000290d9b3f614 sp=0x000000ec717f5c90
Event: 186.067 Thread 0x00000290ced426e0 DEOPT UNPACKING pc=0x00000290d94c3aa2 sp=0x000000ec717f5c50 mode 2
Event: 186.278 Thread 0x00000290ced426e0 Uncommon trap: trap_request=0xffffff45 fr.pc=0x00000290d9b06980 relative=0x00000000000012e0
Event: 186.278 Thread 0x00000290ced426e0 Uncommon trap: reason=unstable_if action=reinterpret pc=0x00000290d9b06980 method=java.util.Properties.loadConvert([CIILjava/lang/StringBuilder;)Ljava/lang/String; @ 491 c2
Event: 186.279 Thread 0x00000290ced426e0 DEOPT PACKING pc=0x00000290d9b06980 sp=0x000000ec717f7a50
Event: 186.279 Thread 0x00000290ced426e0 DEOPT UNPACKING pc=0x00000290d94c3aa2 sp=0x000000ec717f7a40 mode 2
Event: 190.702 Thread 0x00000290ced426e0 Uncommon trap: trap_request=0xffffff45 fr.pc=0x00000290d9b22994 relative=0x0000000000000074
Event: 190.702 Thread 0x00000290ced426e0 Uncommon trap: reason=unstable_if action=reinterpret pc=0x00000290d9b22994 method=java.lang.ref.ReferenceQueue.poll()Ljava/lang/ref/Reference; @ 4 c2
Event: 190.702 Thread 0x00000290ced426e0 DEOPT PACKING pc=0x00000290d9b22994 sp=0x000000ec717f5620
Event: 190.702 Thread 0x00000290ced426e0 DEOPT UNPACKING pc=0x00000290d94c3aa2 sp=0x000000ec717f55a8 mode 2
Event: 190.715 Thread 0x00000290ced426e0 Uncommon trap: trap_request=0xffffff45 fr.pc=0x00000290d9aa71d8 relative=0x00000000000000b8
Event: 190.715 Thread 0x00000290ced426e0 Uncommon trap: reason=unstable_if action=reinterpret pc=0x00000290d9aa71d8 method=org.eclipse.osgi.container.ModuleRevisionBuilder.unmodifiableMap(Ljava/util/Map;)Ljava/util/Map; @ 27 c2
Event: 190.715 Thread 0x00000290ced426e0 DEOPT PACKING pc=0x00000290d9aa71d8 sp=0x000000ec717f9840
Event: 190.715 Thread 0x00000290ced426e0 DEOPT UNPACKING pc=0x00000290d94c3aa2 sp=0x000000ec717f97c8 mode 2

Classes loaded (20 events):
Event: 186.325 Loading class java/text/FieldPosition$Delegate
Event: 186.326 Loading class java/text/FieldPosition$Delegate done
Event: 188.621 Loading class java/text/MessageFormat$Field
Event: 188.622 Loading class java/text/MessageFormat$Field done
Event: 190.716 Loading class java/util/stream/SortedOps
Event: 190.717 Loading class java/util/stream/SortedOps done
Event: 190.717 Loading class java/util/stream/SortedOps$OfRef
Event: 190.718 Loading class java/util/stream/ReferencePipeline$StatefulOp
Event: 190.719 Loading class java/util/stream/ReferencePipeline$StatefulOp done
Event: 190.719 Loading class java/util/stream/SortedOps$OfRef done
Event: 190.735 Loading class java/util/stream/SortedOps$RefSortingSink
Event: 190.736 Loading class java/util/stream/SortedOps$AbstractRefSortingSink
Event: 190.736 Loading class java/util/stream/SortedOps$AbstractRefSortingSink done
Event: 190.736 Loading class java/util/stream/SortedOps$RefSortingSink done
Event: 191.778 Loading class java/util/zip/ZipOutputStream
Event: 191.779 Loading class java/util/zip/DeflaterOutputStream
Event: 191.780 Loading class java/util/zip/DeflaterOutputStream done
Event: 191.780 Loading class java/util/zip/ZipOutputStream done
Event: 195.163 Loading class java/lang/StackTraceElement$HashedModules
Event: 195.167 Loading class java/lang/StackTraceElement$HashedModules done

Classes unloaded (0 events):
No events

Classes redefined (0 events):
No events

Internal exceptions (20 events):
Event: 5.002 Thread 0x00000290ced3afb0 Exception <a 'java/lang/ClassNotFoundException'{0x00000000d6a662d8}: sun/net/www/protocol/plurl/Handler> (0x00000000d6a662d8) 
thrown [s\src\hotspot\share\classfile\systemDictionary.cpp, line 313]
Event: 5.002 Thread 0x00000290ced3afb0 Exception <a 'java/lang/ClassNotFoundException'{0x00000000d6a67158}: sun/net/www/protocol/plurl/Handler> (0x00000000d6a67158) 
thrown [s\src\hotspot\share\classfile\systemDictionary.cpp, line 313]
Event: 71.327 Thread 0x00000290ced3afb0 Exception <a 'java/lang/UnsatisfiedLinkError'{0x00000000d55e55b8}: 'void org.eclipse.equinox.launcher.JNIBridge._update_splash()'> (0x00000000d55e55b8) 
thrown [s\src\hotspot\share\prims\nativeLookup.cpp, line 415]
Event: 71.634 Thread 0x00000290cc7fe8b0 Exception <a 'java/lang/NoSuchMethodError'{0x00000000d58c0cd0}: 'void java.lang.invoke.DirectMethodHandle$Holder.invokeInterface(java.lang.Object, java.lang.Object, java.lang.Object)'> (0x00000000d58c0cd0) 
thrown [s\src\hotspot\share\interpreter\linkResolver.cpp, line 773]
Event: 72.549 Thread 0x00000290ced426e0 Exception <a 'java/lang/NoSuchMethodError'{0x00000000d5c8e8c8}: 'java.lang.Object java.lang.invoke.DirectMethodHandle$Holder.newInvokeSpecial(java.lang.Object, java.lang.Object, int, java.lang.Object)'> (0x00000000d5c8e8c8) 
thrown [s\src\hotspot\share\interpreter\linkResolver.cpp, line 773]
Event: 72.549 Thread 0x00000290ced426e0 Exception <a 'java/lang/NoSuchMethodError'{0x00000000d5c926f8}: 'java.lang.Object java.lang.invoke.DirectMethodHandle$Holder.invokeSpecial(java.lang.Object, java.lang.Object, java.lang.Object, int, java.lang.Object)'> (0x00000000d5c926f8) 
thrown [s\src\hotspot\share\interpreter\linkResolver.cpp, line 773]
Event: 72.626 Thread 0x00000290ced426e0 Exception <a 'java/lang/NoClassDefFoundError'{0x00000000d5d38948}: jakarta/servlet/ServletContainerInitializer> (0x00000000d5d38948) 
thrown [s\src\hotspot\share\classfile\systemDictionary.cpp, line 302]
Event: 74.033 Thread 0x00000290ced426e0 Exception <a 'java/lang/ClassNotFoundException'{0x00000000d5e8ad38}: sun/util/logging/resources/spi/loggingProvider> (0x00000000d5e8ad38) 
thrown [s\src\hotspot\share\classfile\systemDictionary.cpp, line 313]
Event: 92.932 Thread 0x00000290ced426e0 Exception <a 'java/lang/NullPointerException'{0x00000000d678cac0}> (0x00000000d678cac0) 
thrown [s\src\hotspot\share\interpreter\linkResolver.cpp, line 1372]
Event: 92.932 Thread 0x00000290ced426e0 Exception <a 'java/lang/NullPointerException'{0x00000000d678cda0}> (0x00000000d678cda0) 
thrown [s\src\hotspot\share\interpreter\linkResolver.cpp, line 1372]
Event: 169.617 Thread 0x00000290ced426e0 Exception <a 'java/lang/NoSuchMethodError'{0x00000000d5844218}: 'long java.lang.invoke.DirectMethodHandle$Holder.invokeSpecial(java.lang.Object, java.lang.Object)'> (0x00000000d5844218) 
thrown [s\src\hotspot\share\interpreter\linkResolver.cpp, line 773]
Event: 178.223 Thread 0x00000290ced426e0 Exception <a 'java/io/FileNotFoundException'{0x00000000d5e21190}> (0x00000000d5e21190) 
thrown [s\src\hotspot\share\prims\jni.cpp, line 520]
Event: 184.592 Thread 0x00000290ced426e0 Exception <a 'java/lang/NoSuchMethodError'{0x00000000d6353108}: 'java.lang.Object java.lang.invoke.Invokers$Holder.linkToTargetMethod(java.lang.Object, long, java.lang.Object)'> (0x00000000d6353108) 
thrown [s\src\hotspot\share\interpreter\linkResolver.cpp, line 773]
Event: 185.862 Thread 0x00000290ced426e0 Exception <a 'java/lang/NoSuchMethodError'{0x00000000d6894750}: 'void java.lang.invoke.Invokers$Holder.invokeExact_MT(java.lang.Object, java.lang.Object, java.lang.Object)'> (0x00000000d6894750) 
thrown [s\src\hotspot\share\interpreter\linkResolver.cpp, line 773]
Event: 186.122 Thread 0x00000290ced426e0 Exception <a 'java/lang/NoSuchMethodError'{0x00000000d6b92ee0}: 'java.lang.Object java.lang.invoke.DirectMethodHandle$Holder.invokeVirtual(java.lang.Object, java.lang.Object, java.lang.Object)'> (0x00000000d6b92ee0) 
thrown [s\src\hotspot\share\interpreter\linkResolver.cpp, line 773]
Event: 186.130 Thread 0x00000290ced426e0 Exception <a 'java/lang/NoSuchMethodError'{0x00000000d6baa978}: 'java.lang.Object java.lang.invoke.DelegatingMethodHandle$Holder.reinvoke_L(java.lang.Object, java.lang.Object, java.lang.Object, java.lang.Object, int, int)'> (0x00000000d6baa978) 
thrown [s\src\hotspot\share\interpreter\linkResolver.cpp, line 773]
Event: 186.137 Thread 0x00000290ced426e0 Exception <a 'java/lang/NoSuchMethodError'{0x00000000d6bc6d68}: 'java.lang.Object java.lang.invoke.DirectMethodHandle$Holder.newInvokeSpecial(java.lang.Object, java.lang.Object, java.lang.Object, java.lang.Object, java.lang.Object, java.lang.Object)'> (0x00000000d6bc6d68) 
thrown [s\src\hotspot\share\interpreter\linkResolver.cpp, line 773]
Event: 186.145 Thread 0x00000290ced426e0 Exception <a 'java/lang/NoSuchMethodError'{0x00000000d6bf28b8}: 'void java.lang.invoke.Invokers$Holder.invokeExact_MT(java.lang.Object, java.lang.Object, java.lang.Object, java.lang.Object)'> (0x00000000d6bf28b8) 
thrown [s\src\hotspot\share\interpreter\linkResolver.cpp, line 773]
Event: 188.632 Thread 0x00000290ced426e0 Exception <a 'java/io/FileNotFoundException'{0x00000000d55df2e8}> (0x00000000d55df2e8) 
thrown [s\src\hotspot\share\prims\jni.cpp, line 520]
Event: 188.634 Thread 0x00000290ced426e0 Exception <a 'java/io/FileNotFoundException'{0x00000000d55e6478}> (0x00000000d55e6478) 
thrown [s\src\hotspot\share\prims\jni.cpp, line 520]

ZGC Phase Switch (0 events):
No events

VM Operations (20 events):
Event: 184.381 Executing safepoint VM operation: Cleanup
Event: 184.381 Executing safepoint VM operation: Cleanup done
Event: 185.383 Executing safepoint VM operation: Cleanup
Event: 185.799 Executing safepoint VM operation: Cleanup done
Event: 186.331 Executing safepoint VM operation: ParallelGCFailedAllocation (Allocation Failure)
Event: 188.620 Executing safepoint VM operation: ParallelGCFailedAllocation (Allocation Failure) done
Event: 189.630 Executing safepoint VM operation: Cleanup
Event: 189.630 Executing safepoint VM operation: Cleanup done
Event: 190.735 Executing non-safepoint VM operation: HandshakeAllThreads (Deoptimize)
Event: 190.735 Executing non-safepoint VM operation: HandshakeAllThreads (Deoptimize) done
Event: 190.735 Executing safepoint VM operation: Cleanup
Event: 190.735 Executing safepoint VM operation: Cleanup done
Event: 191.738 Executing safepoint VM operation: Cleanup
Event: 191.770 Executing safepoint VM operation: Cleanup done
Event: 192.783 Executing safepoint VM operation: Cleanup
Event: 192.783 Executing safepoint VM operation: Cleanup done
Event: 193.799 Executing safepoint VM operation: Cleanup
Event: 193.832 Executing safepoint VM operation: Cleanup done
Event: 194.833 Executing safepoint VM operation: Cleanup
Event: 194.833 Executing safepoint VM operation: Cleanup done

Memory protections (0 events):
No events

Nmethod flushes (0 events):
No events

Events (20 events):
Event: 0.140 Thread 0x00000290ced3afb0 Thread added: 0x00000290cecee3a0
Event: 0.253 Thread 0x00000290ced3afb0 Thread added: 0x00000290eb284fd0
Event: 0.838 Thread 0x00000290ced3afb0 Thread added: 0x00000290eb34ae40
Event: 4.781 Thread 0x00000290ced3afb0 Thread added: 0x00000290eba381b0
Event: 71.209 Thread 0x00000290ced3afb0 Thread added: 0x00000290cc7fe8b0
Event: 71.764 Thread 0x00000290cc7fe8b0 Thread added: 0x00000290eb85c5d0
Event: 71.785 Thread 0x00000290ced3afb0 Thread added: 0x00000290ced426e0
Event: 83.738 Thread 0x00000290ced426e0 Thread added: 0x00000290ebade8b0
Event: 92.783 Thread 0x00000290ced426e0 Thread added: 0x00000290eb161020
Event: 148.124 Thread 0x00000290cecee3a0 Thread added: 0x00000290eb41f300
Event: 150.147 Thread 0x00000290cecee3a0 Thread added: 0x00000290eb1aeb80
Event: 152.638 Thread 0x00000290eb1aeb80 Thread exited: 0x00000290eb1aeb80
Event: 152.685 Thread 0x00000290eb41f300 Thread exited: 0x00000290eb41f300
Event: 152.804 Thread 0x00000290cecee3a0 Thread added: 0x00000290eb41f300
Event: 156.076 Thread 0x00000290eb41f300 Thread exited: 0x00000290eb41f300
Event: 157.461 Thread 0x00000290cecee3a0 Thread added: 0x00000290eb1aeb80
Event: 157.817 Thread 0x00000290eb1aeb80 Thread exited: 0x00000290eb1aeb80
Event: 173.858 Thread 0x00000290cece7400 Thread added: 0x00000290ebd8be00
Event: 174.170 Thread 0x00000290ebd8be00 Thread exited: 0x00000290ebd8be00
Event: 184.768 Thread 0x00000290ced426e0 Thread added: 0x00000290eb541340


Dynamic libraries:
0x00007ff703a90000 - 0x00007ff703a9e000 	c:\Users\HP\.vscode\extensions\redhat.java-1.55.0-win32-x64\jre\21.0.11-win32-x86_64\bin\java.exe
0x00007ff8dfea0000 - 0x00007ff8e0106000 	C:\WINDOWS\SYSTEM32\ntdll.dll
0x00007ff8df520000 - 0x00007ff8df5e9000 	C:\WINDOWS\System32\KERNEL32.DLL
0x00007ff8dd2d0000 - 0x00007ff8dd6cf000 	C:\WINDOWS\System32\KERNELBASE.dll
0x00007ff8dd170000 - 0x00007ff8dd2bc000 	C:\WINDOWS\System32\ucrtbase.dll
0x00007ff853c40000 - 0x00007ff853c58000 	c:\Users\HP\.vscode\extensions\redhat.java-1.55.0-win32-x64\jre\21.0.11-win32-x86_64\bin\jli.dll
0x00007ff884aa0000 - 0x00007ff884abe000 	c:\Users\HP\.vscode\extensions\redhat.java-1.55.0-win32-x64\jre\21.0.11-win32-x86_64\bin\VCRUNTIME140.dll
0x00007ff8de200000 - 0x00007ff8de3c6000 	C:\WINDOWS\System32\USER32.dll
0x00007ff8dd9b0000 - 0x00007ff8dd9d7000 	C:\WINDOWS\System32\win32u.dll
0x00007ff8c0d90000 - 0x00007ff8c1021000 	C:\WINDOWS\WinSxS\amd64_microsoft.windows.common-controls_6595b64144ccf1df_6.0.26100.8972_none_3e0da176e32f9d4b\COMCTL32.dll
0x00007ff8dde70000 - 0x00007ff8dde9b000 	C:\WINDOWS\System32\GDI32.dll
0x00007ff8ddaa0000 - 0x00007ff8ddbc9000 	C:\WINDOWS\System32\gdi32full.dll
0x00007ff8dd6e0000 - 0x00007ff8dd783000 	C:\WINDOWS\System32\msvcp_win.dll
0x00007ff8df7a0000 - 0x00007ff8df849000 	C:\WINDOWS\System32\msvcrt.dll
0x00007ff8df650000 - 0x00007ff8df682000 	C:\WINDOWS\System32\IMM32.DLL
0x00007ff8c4f40000 - 0x00007ff8c4f4c000 	c:\Users\HP\.vscode\extensions\redhat.java-1.55.0-win32-x64\jre\21.0.11-win32-x86_64\bin\vcruntime140_1.dll
0x00007ff80fa10000 - 0x00007ff80fa9d000 	c:\Users\HP\.vscode\extensions\redhat.java-1.55.0-win32-x64\jre\21.0.11-win32-x86_64\bin\msvcp140.dll
0x00007fffff240000 - 0x00007ffffffe2000 	c:\Users\HP\.vscode\extensions\redhat.java-1.55.0-win32-x64\jre\21.0.11-win32-x86_64\bin\server\jvm.dll
0x00007ff8de130000 - 0x00007ff8de1ec000 	C:\WINDOWS\System32\ADVAPI32.dll
0x00007ff8ddfc0000 - 0x00007ff8de06a000 	C:\WINDOWS\System32\sechost.dll
0x00007ff8de760000 - 0x00007ff8de878000 	C:\WINDOWS\System32\RPCRT4.dll
0x00007ff8ddea0000 - 0x00007ff8ddf22000 	C:\WINDOWS\System32\WS2_32.dll
0x00007ff8d4fc0000 - 0x00007ff8d4fcb000 	C:\WINDOWS\SYSTEM32\VERSION.dll
0x00007ff8dcf30000 - 0x00007ff8dcf8e000 	C:\WINDOWS\SYSTEM32\POWRPROF.dll
0x00007ff8bd0c0000 - 0x00007ff8bd0f6000 	C:\WINDOWS\SYSTEM32\WINMM.dll
0x00007ff8dcf10000 - 0x00007ff8dcf25000 	C:\WINDOWS\SYSTEM32\UMPDC.dll
0x00007ff8dbd70000 - 0x00007ff8dbd8b000 	C:\WINDOWS\SYSTEM32\kernel.appcore.dll
0x00007ff8c44e0000 - 0x00007ff8c44ea000 	c:\Users\HP\.vscode\extensions\redhat.java-1.55.0-win32-x64\jre\21.0.11-win32-x86_64\bin\jimage.dll
0x00007ff8da680000 - 0x00007ff8da8c2000 	C:\WINDOWS\SYSTEM32\DBGHELP.DLL
0x00007ff8de3d0000 - 0x00007ff8de755000 	C:\WINDOWS\System32\combase.dll
0x00007ff8dfa00000 - 0x00007ff8dfad9000 	C:\WINDOWS\System32\OLEAUT32.dll
0x00007ff8bcb00000 - 0x00007ff8bcb3b000 	C:\WINDOWS\SYSTEM32\dbgcore.DLL
0x00007ff8dd9e0000 - 0x00007ff8dda8c000 	C:\WINDOWS\System32\bcryptPrimitives.dll
0x00007ff8b7060000 - 0x00007ff8b706f000 	c:\Users\HP\.vscode\extensions\redhat.java-1.55.0-win32-x64\jre\21.0.11-win32-x86_64\bin\instrument.dll
0x00007ff853840000 - 0x00007ff853860000 	c:\Users\HP\.vscode\extensions\redhat.java-1.55.0-win32-x64\jre\21.0.11-win32-x86_64\bin\java.dll
0x00007ff8de890000 - 0x00007ff8df018000 	C:\WINDOWS\System32\SHELL32.dll
0x00007ff8dab40000 - 0x00007ff8db3db000 	C:\WINDOWS\SYSTEM32\windows.storage.dll
0x00007ff8df690000 - 0x00007ff8df789000 	C:\WINDOWS\System32\SHCORE.dll
0x00007ff8df4b0000 - 0x00007ff8df516000 	C:\WINDOWS\System32\shlwapi.dll
0x00007ff8dcfd0000 - 0x00007ff8dcff9000 	C:\WINDOWS\SYSTEM32\profapi.dll
0x00007ff8537f0000 - 0x00007ff853808000 	c:\Users\HP\.vscode\extensions\redhat.java-1.55.0-win32-x64\jre\21.0.11-win32-x86_64\bin\zip.dll
0x00007ff8ae8e0000 - 0x00007ff8ae8f0000 	C:\Users\HP\.vscode\extensions\redhat.java-1.55.0-win32-x64\jre\21.0.11-win32-x86_64\bin\net.dll
0x00007ff8cfbe0000 - 0x00007ff8cfd08000 	C:\WINDOWS\SYSTEM32\WINHTTP.dll
0x00007ff8dc330000 - 0x00007ff8dc39c000 	C:\WINDOWS\system32\mswsock.dll
0x00007ff896b10000 - 0x00007ff896b26000 	C:\Users\HP\.vscode\extensions\redhat.java-1.55.0-win32-x64\jre\21.0.11-win32-x86_64\bin\nio.dll
0x00007ff89f170000 - 0x00007ff89f180000 	c:\Users\HP\.vscode\extensions\redhat.java-1.55.0-win32-x64\jre\21.0.11-win32-x86_64\bin\verify.dll
0x00007ff896e70000 - 0x00007ff896eb5000 	C:\Users\HP\AppData\Roaming\Code\User\globalStorage\redhat.java\1.55.0\config_win\org.eclipse.equinox.launcher\org.eclipse.equinox.launcher.win32.win32.x86_64_1.3.100.v20260613-0559\eclipse_11924.dll
0x00007ff8df860000 - 0x00007ff8df9f9000 	C:\WINDOWS\System32\ole32.dll

JVMTI agents:
c:\Users\HP\.vscode\extensions\redhat.java-1.55.0-win32-x64\lombok\lombok-1.18.39-4050.jar path:c:\Users\HP\.vscode\extensions\redhat.java-1.55.0-win32-x64\jre\21.0.11-win32-x86_64\bin\instrument.dll, loaded, initialized, instrumentlib options:none

dbghelp: loaded successfully - version: 4.0.5 - missing functions: none
symbol engine: initialized successfully - sym options: 0x614 - pdb path: .;c:\Users\HP\.vscode\extensions\redhat.java-1.55.0-win32-x64\jre\21.0.11-win32-x86_64\bin;C:\WINDOWS\SYSTEM32;C:\WINDOWS\WinSxS\amd64_microsoft.windows.common-controls_6595b64144ccf1df_6.0.26100.8972_none_3e0da176e32f9d4b;c:\Users\HP\.vscode\extensions\redhat.java-1.55.0-win32-x64\jre\21.0.11-win32-x86_64\bin\server;C:\Users\HP\AppData\Roaming\Code\User\globalStorage\redhat.java\1.55.0\config_win\org.eclipse.equinox.launcher\org.eclipse.equinox.launcher.win32.win32.x86_64_1.3.100.v20260613-0559

VM Arguments:
jvm_args: --add-modules=ALL-SYSTEM --add-opens=java.base/java.util=ALL-UNNAMED --add-opens=java.base/java.lang=ALL-UNNAMED --add-opens=java.base/sun.nio.fs=ALL-UNNAMED -Declipse.application=org.eclipse.jdt.ls.core.id1 -Dosgi.bundles.defaultStartLevel=4 -Declipse.product=org.eclipse.jdt.ls.core.product -Djava.import.generatesMetadataFilesAtProjectRoot=false -DDetectVMInstallationsJob.disabled=true -Dfile.encoding=utf8 -XX:+UseParallelGC -XX:GCTimeRatio=4 -XX:AdaptiveSizePolicyWeight=90 -Dsun.zip.disableMemoryMapping=true -Xmx2G -Xms100m -Xlog:disable -javaagent:c:\Users\HP\.vscode\extensions\redhat.java-1.55.0-win32-x64\lombok\lombok-1.18.39-4050.jar -XX:+HeapDumpOnOutOfMemoryError -XX:HeapDumpPath=c:\Users\HP\AppData\Roaming\Code\User\workspaceStorage\604f9d0e1ac388d1d4b1f8b7fa99b648\redhat.java -Daether.dependencyCollector.impl=bf 
java_command: c:\Users\HP\.vscode\extensions\redhat.java-1.55.0-win32-x64\server\plugins\org.eclipse.equinox.launcher_1.7.200.v20260619-2039.jar -configuration c:\Users\HP\AppData\Roaming\Code\User\globalStorage\redhat.java\1.55.0\config_win -data c:\Users\HP\AppData\Roaming\Code\User\workspaceStorage\604f9d0e1ac388d1d4b1f8b7fa99b648\redhat.java\jdt_ws --pipe=\\.\pipe\lsp-4101a059a39a13a1b025bd4859209eff-sock
java_class_path (initial): c:\Users\HP\.vscode\extensions\redhat.java-1.55.0-win32-x64\server\plugins\org.eclipse.equinox.launcher_1.7.200.v20260619-2039.jar
Launcher Type: SUN_STANDARD

[Global flags]
    uintx AdaptiveSizePolicyWeight                 = 90                                        {product} {command line}
     intx CICompilerCount                          = 4                                         {product} {ergonomic}
    uintx GCTimeRatio                              = 4                                         {product} {command line}
     bool HeapDumpOnOutOfMemoryError               = true                                   {manageable} {command line}
    ccstr HeapDumpPath                             = c:\Users\HP\AppData\Roaming\Code\User\workspaceStorage\604f9d0e1ac388d1d4b1f8b7fa99b648\redhat.java         {manageable} {command line}
   size_t InitialHeapSize                          = 104857600                                 {product} {command line}
   size_t MaxHeapSize                              = 2147483648                                {product} {command line}
   size_t MaxNewSize                               = 715653120                                 {product} {ergonomic}
   size_t MinHeapDeltaBytes                        = 524288                                    {product} {ergonomic}
   size_t MinHeapSize                              = 104857600                                 {product} {command line}
   size_t NewSize                                  = 34603008                                  {product} {ergonomic}
    uintx NonNMethodCodeHeapSize                   = 5839372                                {pd product} {ergonomic}
    uintx NonProfiledCodeHeapSize                  = 122909434                              {pd product} {ergonomic}
   size_t OldSize                                  = 70254592                                  {product} {ergonomic}
    uintx ProfiledCodeHeapSize                     = 122909434                              {pd product} {ergonomic}
    uintx ReservedCodeCacheSize                    = 251658240                              {pd product} {ergonomic}
     bool SegmentedCodeCache                       = true                                      {product} {ergonomic}
   size_t SoftMaxHeapSize                          = 2147483648                             {manageable} {ergonomic}
     bool UseCompressedOops                        = true                           {product lp64_product} {ergonomic}
     bool UseLargePagesIndividualAllocation        = false                                  {pd product} {ergonomic}
     bool UseParallelGC                            = true                                      {product} {command line}

Logging:
Log output configuration:
 #0: stdout all=off uptime,level,tags foldmultilines=false
 #1: stderr all=off uptime,level,tags foldmultilines=false

Release file:
JAVA_VERSION="21.0.11" 
MODULES="java.base java.compiler java.datatransfer java.xml java.prefs java.desktop java.instrument java.logging java.management java.security.sasl java.naming java.rmi java.management.rmi java.net.http java.scripting java.security.jgss java.transaction.xa java.sql java.sql.rowset java.xml.crypto java.se java.smartcardio jdk.accessibility jdk.internal.jvmstat jdk.attach jdk.charsets jdk.internal.opt jdk.zipfs jdk.compiler jdk.crypto.ec jdk.crypto.cryptoki jdk.crypto.mscapi jdk.dynalink jdk.internal.ed jdk.editpad jdk.hotspot.agent jdk.httpserver jdk.internal.le jdk.internal.vm.ci jdk.internal.vm.compiler jdk.internal.vm.compiler.management jdk.jartool jdk.javadoc jdk.jcmd jdk.management jdk.management.agent jdk.jconsole jdk.jdeps jdk.jdwp.agent jdk.jdi jdk.jfr jdk.jshell jdk.jsobject jdk.jstatd jdk.localedata jdk.management.jfr jdk.naming.dns jdk.naming.rmi jdk.net jdk.nio.mapmode jdk.random jdk.sctp jdk.security.auth jdk.security.jgss jdk.unsupported jdk.unsupported.desktop jdk.xml.dom" 

Environment Variables:
JAVA_HOME=C:\Program Files\Java\jdk-19
PATH=C:\Program Files\Common Files\Oracle\Java\javapath;C:\Program Files (x86)\Common Files\Oracle\Java\java8path;C:\Program Files (x86)\Common Files\Oracle\Java\javapath;C:\Program Files\Python312\Scripts\;C:\Program Files\Python312\;C:\WINDOWS\system32;C:\WINDOWS;C:\WINDOWS\System32\Wbem;C:\WINDOWS\System32\WindowsPowerShell\v1.0\;C:\WINDOWS\System32\OpenSSH\;C:\Program Files\Git\cmd;C:\Program Files\apache-maven-3.9.11-bin\apache-maven-3.9.11\bin;C:\Program Files\PuTTY\;%NVM_HOME%;%NVM_SYMLINK%;C:\Users\HP\AppData\Local\Programs\Python\Launcher\;C:\Users\HP\AppData\Local\Microsoft\WindowsApps;C:\Users\HP\AppData\Local\Programs\Microsoft VS Code\bin;C:\Users\HP\AppData\Roaming\npm;C:\Users\HP\AppData\Local\Programs\Kiro\bin;C:\Users\HP\AppData\Local\Kingsoft\WPS Office\12.1.0.27458\clitool;C:\Users\HP\AppData\Local\nvm;C:\nvm4w\nodejs
USERNAME=HP
OS=Windows_NT
PROCESSOR_IDENTIFIER=Intel64 Family 6 Model 142 Stepping 12, GenuineIntel
TMP=C:\Users\HP\AppData\Local\Temp
TEMP=C:\Users\HP\AppData\Local\Temp




Periodic native trim disabled

---------------  S Y S T E M  ---------------

OS:
 Windows 11 , 64 bit Build 26100 (10.0.26100.9168)
OS uptime: 0 days 3:47 hours
Hyper-V role detected

CPU: total 8 (initial active 8) (4 cores per cpu, 2 threads per core) family 6 model 142 stepping 12 microcode 0xea, cx8, cmov, fxsr, ht, mmx, 3dnowpref, sse, sse2, sse3, ssse3, sse4.1, sse4.2, popcnt, lzcnt, tsc, tscinvbit, avx, avx2, aes, erms, clmul, bmi1, bmi2, adx, fma, vzeroupper, clflush, clflushopt, hv, rdtscp, f16c
Processor Information for the first 8 processors :
  Max Mhz: 2112, Current Mhz: 1609, Mhz Limit: 1605

Memory: 4k page, system-wide physical 3899M (235M free)
TotalPageFile size 15675M (AvailPageFile size 105M)
current process WorkingSet (physical memory assigned to process): 56M, peak: 92M
current process commit charge ("private bytes"): 258M, peak: 259M

vm_info: OpenJDK 64-Bit Server VM (21.0.11+10-LTS) for windows-amd64 JRE (21.0.11+10-LTS), built on 2026-04-21T00:00:00Z by "admin" with MS VC++ 17.12 (VS2022)

END.
